
Memory Configuration

Name             Origin             Length             Attributes
*default*        0x0000000000000000 0xffffffffffffffff

Linker script and memory map

                0x0000000087800000                . = 0x87800000

.text           0x0000000087800000      0x9f0
 build/project/src/start.o()
 .text          0x0000000087800000      0x154 build/project/src/start.o
                0x0000000087800000                _start
 .data          0x0000000087800154        0x0 build/project/src/start.o
 .bss           0x0000000087800154        0x0 build/project/src/start.o
 .ARM.attributes
                0x0000000087800154       0x1d build/project/src/start.o
 .iplt          0x0000000087800171        0x0 build/project/src/start.o
 .rel.iplt      0x0000000087800171        0x0 build/project/src/start.o
 .igot.plt      0x0000000087800171        0x0 build/project/src/start.o
 *(.text)
 *fill*         0x0000000087800171        0x1 
 .text          0x0000000087800172      0x12e build/lib/bsp/src/bsp_beep.o
                0x00000000878001d6                beep_init
                0x0000000087800268                beep_switch
 .text          0x00000000878002a0      0x210 build/lib/bsp/src/bsp_clk.o
                0x00000000878002a0                clk_enable
                0x0000000087800312                imx6u_clkinit
 .text          0x00000000878004b0       0x48 build/lib/bsp/src/bsp_delay.o
                0x00000000878004b0                delay_short
                0x00000000878004d2                delay
 .text          0x00000000878004f8       0xbc build/lib/bsp/src/bsp_gpio.o
                0x00000000878004f8                gpio_init
                0x000000008780054a                gpio_pinread
                0x000000008780056e                gpio_pinwrite
 .text          0x00000000878005b4      0x14c build/lib/bsp/src/bsp_int.o
                0x00000000878005b4                default_irqhandler
                0x00000000878005c0                system_irqtable_init
                0x0000000087800620                GIC_Init
                0x000000008780062e                int_init
                0x0000000087800654                system_register_irqHandler
                0x0000000087800690                system_irqhandler
 .text          0x0000000087800700      0x130 build/lib/bsp/src/bsp_key.o
                0x0000000087800764                key_init
                0x00000000878007c6                key_getvalue
 .text          0x0000000087800830      0x12a build/lib/bsp/src/bsp_led.o
                0x0000000087800894                led_init
                0x00000000878008fa                led_on
                0x0000000087800912                led_off
                0x000000008780092a                led_switch
 .text          0x000000008780095a       0x8c build/project/src/main.o
                0x000000008780095a                main
 *fill*         0x00000000878009e6        0x2 
 .text.__stub   0x00000000878009e8        0x8 linker stubs

.glue_7         0x00000000878009f0        0x0
 .glue_7        0x00000000878009f0        0x0 linker stubs

.glue_7t        0x00000000878009f0        0x0
 .glue_7t       0x00000000878009f0        0x0 linker stubs

.vfp11_veneer   0x00000000878009f0        0x0
 .vfp11_veneer  0x00000000878009f0        0x0 linker stubs

.v4_bx          0x00000000878009f0        0x0
 .v4_bx         0x00000000878009f0        0x0 linker stubs

.rodata
 *(.rodata*)

.data           0x00000000878009f0        0x1
 *(.data)
 .data          0x00000000878009f0        0x0 build/lib/bsp/src/bsp_beep.o
 .data          0x00000000878009f0        0x0 build/lib/bsp/src/bsp_clk.o
 .data          0x00000000878009f0        0x0 build/lib/bsp/src/bsp_delay.o
 .data          0x00000000878009f0        0x0 build/lib/bsp/src/bsp_gpio.o
 .data          0x00000000878009f0        0x0 build/lib/bsp/src/bsp_int.o
 .data          0x00000000878009f0        0x1 build/lib/bsp/src/bsp_key.o
 .data          0x00000000878009f1        0x0 build/lib/bsp/src/bsp_led.o
 .data          0x00000000878009f1        0x0 build/project/src/main.o
                0x00000000878009f1                __bss_start = .

.bss            0x00000000878009f4      0x504
 *(.bss)
 .bss           0x00000000878009f4        0x0 build/lib/bsp/src/bsp_beep.o
 .bss           0x00000000878009f4        0x0 build/lib/bsp/src/bsp_clk.o
 .bss           0x00000000878009f4        0x0 build/lib/bsp/src/bsp_delay.o
 .bss           0x00000000878009f4        0x0 build/lib/bsp/src/bsp_gpio.o
 .bss           0x00000000878009f4      0x504 build/lib/bsp/src/bsp_int.o
 .bss           0x0000000087800ef8        0x0 build/lib/bsp/src/bsp_key.o
 .bss           0x0000000087800ef8        0x0 build/lib/bsp/src/bsp_led.o
 .bss           0x0000000087800ef8        0x0 build/project/src/main.o
 *(COMMON)
                0x0000000087800ef8                __bss_end = .
LOAD build/project/src/start.o
LOAD build/lib/bsp/src/bsp_beep.o
LOAD build/lib/bsp/src/bsp_clk.o
LOAD build/lib/bsp/src/bsp_delay.o
LOAD build/lib/bsp/src/bsp_gpio.o
LOAD build/lib/bsp/src/bsp_int.o
LOAD build/lib/bsp/src/bsp_key.o
LOAD build/lib/bsp/src/bsp_led.o
LOAD build/project/src/main.o
OUTPUT(bin/bsp.elf elf32-littlearm)
LOAD linker stubs

.comment        0x0000000000000000       0x2b
 .comment       0x0000000000000000       0x2b build/lib/bsp/src/bsp_beep.o
                                         0x2c (size before relaxing)
 .comment       0x000000000000002b       0x2c build/lib/bsp/src/bsp_clk.o
 .comment       0x000000000000002b       0x2c build/lib/bsp/src/bsp_delay.o
 .comment       0x000000000000002b       0x2c build/lib/bsp/src/bsp_gpio.o
 .comment       0x000000000000002b       0x2c build/lib/bsp/src/bsp_int.o
 .comment       0x000000000000002b       0x2c build/lib/bsp/src/bsp_key.o
 .comment       0x000000000000002b       0x2c build/lib/bsp/src/bsp_led.o
 .comment       0x000000000000002b       0x2c build/project/src/main.o

.note.GNU-stack
                0x0000000000000000        0x0
 .note.GNU-stack
                0x0000000000000000        0x0 build/lib/bsp/src/bsp_beep.o
 .note.GNU-stack
                0x0000000000000000        0x0 build/lib/bsp/src/bsp_clk.o
 .note.GNU-stack
                0x0000000000000000        0x0 build/lib/bsp/src/bsp_delay.o
 .note.GNU-stack
                0x0000000000000000        0x0 build/lib/bsp/src/bsp_gpio.o
 .note.GNU-stack
                0x0000000000000000        0x0 build/lib/bsp/src/bsp_int.o
 .note.GNU-stack
                0x0000000000000000        0x0 build/lib/bsp/src/bsp_key.o
 .note.GNU-stack
                0x0000000000000000        0x0 build/lib/bsp/src/bsp_led.o
 .note.GNU-stack
                0x0000000000000000        0x0 build/project/src/main.o

.ARM.attributes
                0x0000000000000000       0x2f
 .ARM.attributes
                0x0000000000000000       0x33 build/lib/bsp/src/bsp_beep.o
 .ARM.attributes
                0x0000000000000033       0x33 build/lib/bsp/src/bsp_clk.o
 .ARM.attributes
                0x0000000000000066       0x33 build/lib/bsp/src/bsp_delay.o
 .ARM.attributes
                0x0000000000000099       0x33 build/lib/bsp/src/bsp_gpio.o
 .ARM.attributes
                0x00000000000000cc       0x33 build/lib/bsp/src/bsp_int.o
 .ARM.attributes
                0x00000000000000ff       0x33 build/lib/bsp/src/bsp_key.o
 .ARM.attributes
                0x0000000000000132       0x33 build/lib/bsp/src/bsp_led.o
 .ARM.attributes
                0x0000000000000165       0x33 build/project/src/main.o
