
Memory Configuration

Name             Origin             Length             Attributes
*default*        0x0000000000000000 0xffffffffffffffff

Linker script and memory map

                0x0000000087800000                . = 0x87800000

.text           0x0000000087800000      0x288
 build/project/src/start.o()
 .text          0x0000000087800000       0x1c build/project/src/start.o
                0x0000000087800000                _start
 .data          0x000000008780001c        0x0 build/project/src/start.o
 .bss           0x000000008780001c        0x0 build/project/src/start.o
 .ARM.attributes
                0x000000008780001c       0x1d build/project/src/start.o
 .iplt          0x0000000087800039        0x0 build/project/src/start.o
 .rel.iplt      0x0000000087800039        0x0 build/project/src/start.o
 .igot.plt      0x0000000087800039        0x0 build/project/src/start.o
 *(.text)
 *fill*         0x0000000087800039        0x1 
 .text          0x000000008780003a       0x72 build/lib/bsp/src/bsp_clk.o
                0x000000008780003a                clk_enable
 .text          0x00000000878000ac       0x48 build/lib/bsp/src/bsp_delay.o
                0x00000000878000ac                delay_short
                0x00000000878000ce                delay
 .text          0x00000000878000f4      0x162 build/lib/bsp/src/bsp_led.o
                0x0000000087800158                led_init
                0x00000000878001ae                led_on
                0x00000000878001d4                led_off
                0x00000000878001fa                led_switch
 .text          0x0000000087800256       0x2a build/project/src/main.o
                0x0000000087800256                main
 .text.__stub   0x0000000087800280        0x8 linker stubs

.glue_7         0x0000000087800288        0x0
 .glue_7        0x0000000087800288        0x0 linker stubs

.glue_7t        0x0000000087800288        0x0
 .glue_7t       0x0000000087800288        0x0 linker stubs

.vfp11_veneer   0x0000000087800288        0x0
 .vfp11_veneer  0x0000000087800288        0x0 linker stubs

.v4_bx          0x0000000087800288        0x0
 .v4_bx         0x0000000087800288        0x0 linker stubs

.rodata
 *(.rodata*)

.data           0x0000000087800288        0x0
 *(.data)
 .data          0x0000000087800288        0x0 build/lib/bsp/src/bsp_clk.o
 .data          0x0000000087800288        0x0 build/lib/bsp/src/bsp_delay.o
 .data          0x0000000087800288        0x0 build/lib/bsp/src/bsp_led.o
 .data          0x0000000087800288        0x0 build/project/src/main.o
                0x0000000087800288                __bss_start = .

.bss            0x0000000087800288        0x0
 *(.bss)
 .bss           0x0000000087800288        0x0 build/lib/bsp/src/bsp_clk.o
 .bss           0x0000000087800288        0x0 build/lib/bsp/src/bsp_delay.o
 .bss           0x0000000087800288        0x0 build/lib/bsp/src/bsp_led.o
 .bss           0x0000000087800288        0x0 build/project/src/main.o
 *(COMMON)
                0x0000000087800288                __bss_end = .
LOAD build/project/src/start.o
LOAD build/lib/bsp/src/bsp_clk.o
LOAD build/lib/bsp/src/bsp_delay.o
LOAD build/lib/bsp/src/bsp_led.o
LOAD build/project/src/main.o
OUTPUT(bin/bsp.elf elf32-littlearm)
LOAD linker stubs

.comment        0x0000000000000000       0x2b
 .comment       0x0000000000000000       0x2b build/lib/bsp/src/bsp_clk.o
                                         0x2c (size before relaxing)
 .comment       0x000000000000002b       0x2c build/lib/bsp/src/bsp_delay.o
 .comment       0x000000000000002b       0x2c build/lib/bsp/src/bsp_led.o
 .comment       0x000000000000002b       0x2c build/project/src/main.o

.note.GNU-stack
                0x0000000000000000        0x0
 .note.GNU-stack
                0x0000000000000000        0x0 build/lib/bsp/src/bsp_clk.o
 .note.GNU-stack
                0x0000000000000000        0x0 build/lib/bsp/src/bsp_delay.o
 .note.GNU-stack
                0x0000000000000000        0x0 build/lib/bsp/src/bsp_led.o
 .note.GNU-stack
                0x0000000000000000        0x0 build/project/src/main.o

.ARM.attributes
                0x0000000000000000       0x2f
 .ARM.attributes
                0x0000000000000000       0x33 build/lib/bsp/src/bsp_clk.o
 .ARM.attributes
                0x0000000000000033       0x33 build/lib/bsp/src/bsp_delay.o
 .ARM.attributes
                0x0000000000000066       0x33 build/lib/bsp/src/bsp_led.o
 .ARM.attributes
                0x0000000000000099       0x33 build/project/src/main.o
