
Memory Configuration

Name             Origin             Length             Attributes
*default*        0x0000000000000000 0xffffffffffffffff

Linker script and memory map

                0x0000000087800000                . = 0x87800000

.text           0x0000000087800000      0xf50
 build/project/src/start.o()
 .text          0x0000000087800000      0x154 build/project/src/start.o
                0x0000000087800000                _start
 .data          0x0000000087800154        0x0 build/project/src/start.o
 .bss           0x0000000087800154        0x0 build/project/src/start.o
 .ARM.attributes
                0x0000000087800154       0x1d build/project/src/start.o
 .iplt          0x0000000087800171        0x0 build/project/src/start.o
 .rel.iplt      0x0000000087800171        0x0 build/project/src/start.o
 .igot.plt      0x0000000087800171        0x0 build/project/src/start.o
 .rel.got       0x0000000087800171        0x0 build/project/src/start.o
 *fill*         0x0000000087800171        0x3 
 .got           0x0000000087800174        0x4 build/project/src/start.o
 .got.plt       0x0000000087800178        0xc build/project/src/start.o
                0x0000000087800178                _GLOBAL_OFFSET_TABLE_
 *(.text)
 .text          0x0000000087800184      0x12e build/lib/bsp/src/bsp_beep.o
                0x00000000878001e8                Beep_init
                0x000000008780027a                Beep_switch
 .text          0x00000000878002b2      0x248 build/lib/bsp/src/bsp_clk.o
                0x00000000878002b2                Clk_enable
                0x0000000087800324                Imx6ull_clkInit
 .text          0x00000000878004fa       0x48 build/lib/bsp/src/bsp_delay.o
                0x00000000878004fa                delay_short
                0x000000008780051c                Delay_ms
 *fill*         0x0000000087800542        0x2 
 .text          0x0000000087800544      0x140 build/lib/bsp/src/bsp_epit.o
                0x0000000087800544                Epit_init
                0x00000000878005a6                Epit_enableIrq
                0x00000000878005c6                Epit_disableIrq
                0x00000000878005e6                Epit_startCounter
                0x0000000087800606                Epit_stopCounter
                0x0000000087800626                epit_irqhandler
 .text          0x0000000087800684      0x184 build/lib/bsp/src/bsp_exti.o
                0x00000000878006e8                Exti_init
                0x000000008780079c                Gpio_io18_irqhandler
 .text          0x0000000087800808      0x274 build/lib/bsp/src/bsp_gpio.o
                0x0000000087800808                Gpio_init
                0x000000008780086a                Gpio_pinRead
                0x000000008780088e                Gpio_pinWrite
                0x00000000878008d4                Gpio_enableInterrupt
                0x00000000878008fe                Gpio_disableInterrupt
                0x000000008780092a                Gpio_clearInterruptFlahs
                0x0000000087800954                Gpio_configInterrruptType
 .text          0x0000000087800a7c      0x1b0 build/lib/bsp/src/bsp_int.o
                0x0000000087800a7c                default_irqhandler
                0x0000000087800a88                system_irqtable_init
                0x0000000087800ae8                int_init
                0x0000000087800b80                system_register_irqHandler
                0x0000000087800bbc                system_irqhandler
 .text          0x0000000087800c2c      0x134 build/lib/bsp/src/bsp_key.o
                0x0000000087800c90                Key_init
                0x0000000087800cf6                Key_getValue
 .text          0x0000000087800d60      0x12a build/lib/bsp/src/bsp_led.o
                0x0000000087800dc4                Led_init
                0x0000000087800e2a                Led_on
                0x0000000087800e42                Led_off
                0x0000000087800e5a                Led_switch
 *fill*         0x0000000087800e8a        0x2 
 .text          0x0000000087800e8c       0xb8 build/project/src/main.o
                0x0000000087800e8c                main
 *fill*         0x0000000087800f44        0x4 
 .text.__stub   0x0000000087800f48        0x8 linker stubs

.glue_7         0x0000000087800f50        0x0
 .glue_7        0x0000000087800f50        0x0 linker stubs

.glue_7t        0x0000000087800f50        0x0
 .glue_7t       0x0000000087800f50        0x0 linker stubs

.vfp11_veneer   0x0000000087800f50        0x0
 .vfp11_veneer  0x0000000087800f50        0x0 linker stubs

.v4_bx          0x0000000087800f50        0x0
 .v4_bx         0x0000000087800f50        0x0 linker stubs

.rodata
 *(.rodata*)

.data           0x0000000087800f50        0x2
 *(.data)
 .data          0x0000000087800f50        0x0 build/lib/bsp/src/bsp_beep.o
 .data          0x0000000087800f50        0x0 build/lib/bsp/src/bsp_clk.o
 .data          0x0000000087800f50        0x0 build/lib/bsp/src/bsp_delay.o
 .data          0x0000000087800f50        0x0 build/lib/bsp/src/bsp_epit.o
 .data          0x0000000087800f50        0x1 build/lib/bsp/src/bsp_exti.o
 .data          0x0000000087800f51        0x0 build/lib/bsp/src/bsp_gpio.o
 .data          0x0000000087800f51        0x0 build/lib/bsp/src/bsp_int.o
 .data          0x0000000087800f51        0x1 build/lib/bsp/src/bsp_key.o
 .data          0x0000000087800f52        0x0 build/lib/bsp/src/bsp_led.o
 .data          0x0000000087800f52        0x0 build/project/src/main.o
                0x0000000087800f52                __bss_start = .

.bss            0x0000000087800f54      0x508
 *(.bss)
 .bss           0x0000000087800f54        0x0 build/lib/bsp/src/bsp_beep.o
 .bss           0x0000000087800f54        0x0 build/lib/bsp/src/bsp_clk.o
 .bss           0x0000000087800f54        0x0 build/lib/bsp/src/bsp_delay.o
 .bss           0x0000000087800f54        0x1 build/lib/bsp/src/bsp_epit.o
 .bss           0x0000000087800f55        0x0 build/lib/bsp/src/bsp_exti.o
 .bss           0x0000000087800f55        0x0 build/lib/bsp/src/bsp_gpio.o
 *fill*         0x0000000087800f55        0x3 
 .bss           0x0000000087800f58      0x504 build/lib/bsp/src/bsp_int.o
 .bss           0x000000008780145c        0x0 build/lib/bsp/src/bsp_key.o
 .bss           0x000000008780145c        0x0 build/lib/bsp/src/bsp_led.o
 .bss           0x000000008780145c        0x0 build/project/src/main.o
 *(COMMON)
                0x000000008780145c                __bss_end = .
LOAD build/project/src/start.o
LOAD build/lib/bsp/src/bsp_beep.o
LOAD build/lib/bsp/src/bsp_clk.o
LOAD build/lib/bsp/src/bsp_delay.o
LOAD build/lib/bsp/src/bsp_epit.o
LOAD build/lib/bsp/src/bsp_exti.o
LOAD build/lib/bsp/src/bsp_gpio.o
LOAD build/lib/bsp/src/bsp_int.o
LOAD build/lib/bsp/src/bsp_key.o
LOAD build/lib/bsp/src/bsp_led.o
LOAD build/project/src/main.o
OUTPUT(bin/bsp.elf elf32-littlearm)
LOAD linker stubs

.comment        0x0000000000000000       0x2b
 .comment       0x0000000000000000       0x2b build/lib/bsp/src/bsp_beep.o
                                         0x2c (size before relaxing)
 .comment       0x000000000000002b       0x2c build/lib/bsp/src/bsp_clk.o
 .comment       0x000000000000002b       0x2c build/lib/bsp/src/bsp_delay.o
 .comment       0x000000000000002b       0x2c build/lib/bsp/src/bsp_epit.o
 .comment       0x000000000000002b       0x2c build/lib/bsp/src/bsp_exti.o
 .comment       0x000000000000002b       0x2c build/lib/bsp/src/bsp_gpio.o
 .comment       0x000000000000002b       0x2c build/lib/bsp/src/bsp_int.o
 .comment       0x000000000000002b       0x2c build/lib/bsp/src/bsp_key.o
 .comment       0x000000000000002b       0x2c build/lib/bsp/src/bsp_led.o
 .comment       0x000000000000002b       0x2c build/project/src/main.o

.note.GNU-stack
                0x0000000000000000        0x0
 .note.GNU-stack
                0x0000000000000000        0x0 build/lib/bsp/src/bsp_beep.o
 .note.GNU-stack
                0x0000000000000000        0x0 build/lib/bsp/src/bsp_clk.o
 .note.GNU-stack
                0x0000000000000000        0x0 build/lib/bsp/src/bsp_delay.o
 .note.GNU-stack
                0x0000000000000000        0x0 build/lib/bsp/src/bsp_epit.o
 .note.GNU-stack
                0x0000000000000000        0x0 build/lib/bsp/src/bsp_exti.o
 .note.GNU-stack
                0x0000000000000000        0x0 build/lib/bsp/src/bsp_gpio.o
 .note.GNU-stack
                0x0000000000000000        0x0 build/lib/bsp/src/bsp_int.o
 .note.GNU-stack
                0x0000000000000000        0x0 build/lib/bsp/src/bsp_key.o
 .note.GNU-stack
                0x0000000000000000        0x0 build/lib/bsp/src/bsp_led.o
 .note.GNU-stack
                0x0000000000000000        0x0 build/project/src/main.o

.ARM.attributes
                0x0000000000000000       0x2f
 .ARM.attributes
                0x0000000000000000       0x33 build/lib/bsp/src/bsp_beep.o
 .ARM.attributes
                0x0000000000000033       0x33 build/lib/bsp/src/bsp_clk.o
 .ARM.attributes
                0x0000000000000066       0x33 build/lib/bsp/src/bsp_delay.o
 .ARM.attributes
                0x0000000000000099       0x33 build/lib/bsp/src/bsp_epit.o
 .ARM.attributes
                0x00000000000000cc       0x33 build/lib/bsp/src/bsp_exti.o
 .ARM.attributes
                0x00000000000000ff       0x33 build/lib/bsp/src/bsp_gpio.o
 .ARM.attributes
                0x0000000000000132       0x33 build/lib/bsp/src/bsp_int.o
 .ARM.attributes
                0x0000000000000165       0x33 build/lib/bsp/src/bsp_key.o
 .ARM.attributes
                0x0000000000000198       0x33 build/lib/bsp/src/bsp_led.o
 .ARM.attributes
                0x00000000000001cb       0x33 build/project/src/main.o
