
Memory Configuration

Name             Origin             Length             Attributes
*default*        0x0000000000000000 0xffffffffffffffff

Linker script and memory map

                0x0000000087800000                . = 0x87800000

.text           0x0000000087800000     0x11a8
 build/project/src/start.o()
 .text          0x0000000087800000      0x154 build/project/src/start.o
                0x0000000087800000                _start
 .data          0x0000000087800154        0x0 build/project/src/start.o
 .bss           0x0000000087800154        0x0 build/project/src/start.o
 .ARM.attributes
                0x0000000087800154       0x1d build/project/src/start.o
 .iplt          0x0000000087800171        0x0 build/project/src/start.o
 .rel.iplt      0x0000000087800171        0x0 build/project/src/start.o
 .igot.plt      0x0000000087800171        0x0 build/project/src/start.o
 *(.text)
 *fill*         0x0000000087800171        0x1 
 .text          0x0000000087800172      0x12e build/lib/bsp/src/bsp_beep.o
                0x00000000878001d6                Beep_init
                0x0000000087800268                Beep_switch
 .text          0x00000000878002a0      0x248 build/lib/bsp/src/bsp_clk.o
                0x00000000878002a0                Clk_enable
                0x0000000087800312                Imx6ull_clkInit
 .text          0x00000000878004e8       0x48 build/lib/bsp/src/bsp_delay.o
                0x00000000878004e8                delay_short
                0x000000008780050a                Delay_ms
 .text          0x0000000087800530      0x194 build/lib/bsp/src/bsp_epit.o
                0x0000000087800530                Epit_init
                0x0000000087800592                Epit_setPeriod
                0x00000000878005ae                Epit_enableIrq
                0x00000000878005ce                Epit_disableIrq
                0x00000000878005ee                Epit_getInterruptStatus
                0x0000000087800606                Epit_clearInterruptStatus
                0x0000000087800626                Epit_startCounter
                0x0000000087800646                Epit_stopCounter
                0x0000000087800666                epit_irqhandler
 .text          0x00000000878006c4      0x184 build/lib/bsp/src/bsp_exti.o
                0x0000000087800728                Exti_init
                0x00000000878007dc                Gpio_io18_irqhandler
 .text          0x0000000087800848      0x274 build/lib/bsp/src/bsp_gpio.o
                0x0000000087800848                Gpio_init
                0x00000000878008aa                Gpio_pinRead
                0x00000000878008ce                Gpio_pinWrite
                0x0000000087800914                Gpio_enableInterrupt
                0x000000008780093e                Gpio_disableInterrupt
                0x000000008780096a                Gpio_clearInterruptFlahs
                0x0000000087800994                Gpio_configInterrruptType
 .text          0x0000000087800abc      0x1b0 build/lib/bsp/src/bsp_int.o
                0x0000000087800abc                default_irqhandler
                0x0000000087800ac8                system_irqtable_init
                0x0000000087800b28                int_init
                0x0000000087800bc0                system_register_irqHandler
                0x0000000087800bfc                system_irqhandler
 .text          0x0000000087800c6c      0x174 build/lib/bsp/src/bsp_key.o
                0x0000000087800cd0                Key_init
                0x0000000087800d36                Key_getValue
                0x0000000087800da0                Key_read
 .text          0x0000000087800de0      0x250 build/lib/bsp/src/bsp_keyfilter.o
                0x0000000087800e44                Key_initFilter
 .text          0x0000000087801030      0x12a build/lib/bsp/src/bsp_led.o
                0x0000000087801094                Led_init
                0x00000000878010fa                Led_on
                0x0000000087801112                Led_off
                0x000000008780112a                Led_switch
 .text          0x000000008780115a       0x40 build/project/src/main.o
                0x000000008780115a                main
 *fill*         0x000000008780119a        0x6 
 .text.__stub   0x00000000878011a0        0x8 linker stubs

.glue_7         0x00000000878011a8        0x0
 .glue_7        0x00000000878011a8        0x0 linker stubs

.glue_7t        0x00000000878011a8        0x0
 .glue_7t       0x00000000878011a8        0x0 linker stubs

.vfp11_veneer   0x00000000878011a8        0x0
 .vfp11_veneer  0x00000000878011a8        0x0 linker stubs

.v4_bx          0x00000000878011a8        0x0
 .v4_bx         0x00000000878011a8        0x0 linker stubs

.rodata
 *(.rodata*)

.data           0x00000000878011a8        0x2
 *(.data)
 .data          0x00000000878011a8        0x0 build/lib/bsp/src/bsp_beep.o
 .data          0x00000000878011a8        0x0 build/lib/bsp/src/bsp_clk.o
 .data          0x00000000878011a8        0x0 build/lib/bsp/src/bsp_delay.o
 .data          0x00000000878011a8        0x0 build/lib/bsp/src/bsp_epit.o
 .data          0x00000000878011a8        0x1 build/lib/bsp/src/bsp_exti.o
 .data          0x00000000878011a9        0x0 build/lib/bsp/src/bsp_gpio.o
 .data          0x00000000878011a9        0x0 build/lib/bsp/src/bsp_int.o
 .data          0x00000000878011a9        0x1 build/lib/bsp/src/bsp_key.o
 .data          0x00000000878011aa        0x0 build/lib/bsp/src/bsp_keyfilter.o
 .data          0x00000000878011aa        0x0 build/lib/bsp/src/bsp_led.o
 .data          0x00000000878011aa        0x0 build/project/src/main.o
                0x00000000878011aa                __bss_start = .

.bss            0x00000000878011ac      0x50b
 *(.bss)
 .bss           0x00000000878011ac        0x0 build/lib/bsp/src/bsp_beep.o
 .bss           0x00000000878011ac        0x0 build/lib/bsp/src/bsp_clk.o
 .bss           0x00000000878011ac        0x0 build/lib/bsp/src/bsp_delay.o
 .bss           0x00000000878011ac        0x1 build/lib/bsp/src/bsp_epit.o
 .bss           0x00000000878011ad        0x0 build/lib/bsp/src/bsp_exti.o
 .bss           0x00000000878011ad        0x0 build/lib/bsp/src/bsp_gpio.o
 *fill*         0x00000000878011ad        0x3 
 .bss           0x00000000878011b0      0x504 build/lib/bsp/src/bsp_int.o
 .bss           0x00000000878016b4        0x0 build/lib/bsp/src/bsp_key.o
 .bss           0x00000000878016b4        0x3 build/lib/bsp/src/bsp_keyfilter.o
 .bss           0x00000000878016b7        0x0 build/lib/bsp/src/bsp_led.o
 .bss           0x00000000878016b7        0x0 build/project/src/main.o
 *(COMMON)
                0x00000000878016b7                __bss_end = .
LOAD build/project/src/start.o
LOAD build/lib/bsp/src/bsp_beep.o
LOAD build/lib/bsp/src/bsp_clk.o
LOAD build/lib/bsp/src/bsp_delay.o
LOAD build/lib/bsp/src/bsp_epit.o
LOAD build/lib/bsp/src/bsp_exti.o
LOAD build/lib/bsp/src/bsp_gpio.o
LOAD build/lib/bsp/src/bsp_int.o
LOAD build/lib/bsp/src/bsp_key.o
LOAD build/lib/bsp/src/bsp_keyfilter.o
LOAD build/lib/bsp/src/bsp_led.o
LOAD build/project/src/main.o
OUTPUT(bin/bsp.elf elf32-littlearm)
LOAD linker stubs

.comment        0x0000000000000000       0x2b
 .comment       0x0000000000000000       0x2b build/lib/bsp/src/bsp_beep.o
                                         0x2c (size before relaxing)
 .comment       0x000000000000002b       0x2c build/lib/bsp/src/bsp_clk.o
 .comment       0x000000000000002b       0x2c build/lib/bsp/src/bsp_delay.o
 .comment       0x000000000000002b       0x2c build/lib/bsp/src/bsp_epit.o
 .comment       0x000000000000002b       0x2c build/lib/bsp/src/bsp_exti.o
 .comment       0x000000000000002b       0x2c build/lib/bsp/src/bsp_gpio.o
 .comment       0x000000000000002b       0x2c build/lib/bsp/src/bsp_int.o
 .comment       0x000000000000002b       0x2c build/lib/bsp/src/bsp_key.o
 .comment       0x000000000000002b       0x2c build/lib/bsp/src/bsp_keyfilter.o
 .comment       0x000000000000002b       0x2c build/lib/bsp/src/bsp_led.o
 .comment       0x000000000000002b       0x2c build/project/src/main.o

.note.GNU-stack
                0x0000000000000000        0x0
 .note.GNU-stack
                0x0000000000000000        0x0 build/lib/bsp/src/bsp_beep.o
 .note.GNU-stack
                0x0000000000000000        0x0 build/lib/bsp/src/bsp_clk.o
 .note.GNU-stack
                0x0000000000000000        0x0 build/lib/bsp/src/bsp_delay.o
 .note.GNU-stack
                0x0000000000000000        0x0 build/lib/bsp/src/bsp_epit.o
 .note.GNU-stack
                0x0000000000000000        0x0 build/lib/bsp/src/bsp_exti.o
 .note.GNU-stack
                0x0000000000000000        0x0 build/lib/bsp/src/bsp_gpio.o
 .note.GNU-stack
                0x0000000000000000        0x0 build/lib/bsp/src/bsp_int.o
 .note.GNU-stack
                0x0000000000000000        0x0 build/lib/bsp/src/bsp_key.o
 .note.GNU-stack
                0x0000000000000000        0x0 build/lib/bsp/src/bsp_keyfilter.o
 .note.GNU-stack
                0x0000000000000000        0x0 build/lib/bsp/src/bsp_led.o
 .note.GNU-stack
                0x0000000000000000        0x0 build/project/src/main.o

.ARM.attributes
                0x0000000000000000       0x2f
 .ARM.attributes
                0x0000000000000000       0x33 build/lib/bsp/src/bsp_beep.o
 .ARM.attributes
                0x0000000000000033       0x33 build/lib/bsp/src/bsp_clk.o
 .ARM.attributes
                0x0000000000000066       0x33 build/lib/bsp/src/bsp_delay.o
 .ARM.attributes
                0x0000000000000099       0x33 build/lib/bsp/src/bsp_epit.o
 .ARM.attributes
                0x00000000000000cc       0x33 build/lib/bsp/src/bsp_exti.o
 .ARM.attributes
                0x00000000000000ff       0x33 build/lib/bsp/src/bsp_gpio.o
 .ARM.attributes
                0x0000000000000132       0x33 build/lib/bsp/src/bsp_int.o
 .ARM.attributes
                0x0000000000000165       0x33 build/lib/bsp/src/bsp_key.o
 .ARM.attributes
                0x0000000000000198       0x33 build/lib/bsp/src/bsp_keyfilter.o
 .ARM.attributes
                0x00000000000001cb       0x33 build/lib/bsp/src/bsp_led.o
 .ARM.attributes
                0x00000000000001fe       0x33 build/project/src/main.o
