
Memory Configuration

Name             Origin             Length             Attributes
*default*        0x0000000000000000 0xffffffffffffffff

Linker script and memory map

                0x0000000087800000                . = 0x87800000

.text           0x0000000087800000      0xd88
 build/project/src/start.o()
 .text          0x0000000087800000      0x154 build/project/src/start.o
                0x0000000087800000                _start
 .data          0x0000000087800154        0x0 build/project/src/start.o
 .bss           0x0000000087800154        0x0 build/project/src/start.o
 .ARM.attributes
                0x0000000087800154       0x1d build/project/src/start.o
 .iplt          0x0000000087800171        0x0 build/project/src/start.o
 .rel.iplt      0x0000000087800171        0x0 build/project/src/start.o
 .igot.plt      0x0000000087800171        0x0 build/project/src/start.o
 *(.text)
 *fill*         0x0000000087800171        0x1 
 .text          0x0000000087800172      0x12e build/lib/bsp/src/bsp_beep.o
                0x00000000878001d6                Beep_init
                0x0000000087800268                Beep_switch
 .text          0x00000000878002a0      0x248 build/lib/bsp/src/bsp_clk.o
                0x00000000878002a0                Clk_enable
                0x0000000087800312                Imx6ull_clkInit
 .text          0x00000000878004e8       0x48 build/lib/bsp/src/bsp_delay.o
                0x00000000878004e8                delay_short
                0x000000008780050a                Delay_ms
 .text          0x0000000087800530      0x184 build/lib/bsp/src/bsp_exti.o
                0x0000000087800594                Exti_init
                0x0000000087800648                Gpio_io18_irqhandler
 .text          0x00000000878006b4      0x274 build/lib/bsp/src/bsp_gpio.o
                0x00000000878006b4                Gpio_init
                0x0000000087800716                Gpio_pinRead
                0x000000008780073a                Gpio_pinWrite
                0x0000000087800780                Gpio_enableInterrupt
                0x00000000878007aa                Gpio_disableInterrupt
                0x00000000878007d6                Gpio_clearInterruptFlahs
                0x0000000087800800                Gpio_configInterrruptType
 .text          0x0000000087800928      0x1b0 build/lib/bsp/src/bsp_int.o
                0x0000000087800928                default_irqhandler
                0x0000000087800934                system_irqtable_init
                0x0000000087800994                int_init
                0x0000000087800a2c                system_register_irqHandler
                0x0000000087800a68                system_irqhandler
 .text          0x0000000087800ad8      0x134 build/lib/bsp/src/bsp_key.o
                0x0000000087800b3c                Key_init
                0x0000000087800ba2                Key_getValue
 .text          0x0000000087800c0c      0x12a build/lib/bsp/src/bsp_led.o
                0x0000000087800c70                Led_init
                0x0000000087800cd6                Led_on
                0x0000000087800cee                Led_off
                0x0000000087800d06                Led_switch
 .text          0x0000000087800d36       0x44 build/project/src/main.o
                0x0000000087800d36                main
 *fill*         0x0000000087800d7a        0x6 
 .text.__stub   0x0000000087800d80        0x8 linker stubs

.glue_7         0x0000000087800d88        0x0
 .glue_7        0x0000000087800d88        0x0 linker stubs

.glue_7t        0x0000000087800d88        0x0
 .glue_7t       0x0000000087800d88        0x0 linker stubs

.vfp11_veneer   0x0000000087800d88        0x0
 .vfp11_veneer  0x0000000087800d88        0x0 linker stubs

.v4_bx          0x0000000087800d88        0x0
 .v4_bx         0x0000000087800d88        0x0 linker stubs

.rodata
 *(.rodata*)

.data           0x0000000087800d88        0x2
 *(.data)
 .data          0x0000000087800d88        0x0 build/lib/bsp/src/bsp_beep.o
 .data          0x0000000087800d88        0x0 build/lib/bsp/src/bsp_clk.o
 .data          0x0000000087800d88        0x0 build/lib/bsp/src/bsp_delay.o
 .data          0x0000000087800d88        0x1 build/lib/bsp/src/bsp_exti.o
 .data          0x0000000087800d89        0x0 build/lib/bsp/src/bsp_gpio.o
 .data          0x0000000087800d89        0x0 build/lib/bsp/src/bsp_int.o
 .data          0x0000000087800d89        0x1 build/lib/bsp/src/bsp_key.o
 .data          0x0000000087800d8a        0x0 build/lib/bsp/src/bsp_led.o
 .data          0x0000000087800d8a        0x0 build/project/src/main.o
                0x0000000087800d8a                __bss_start = .

.bss            0x0000000087800d8c      0x504
 *(.bss)
 .bss           0x0000000087800d8c        0x0 build/lib/bsp/src/bsp_beep.o
 .bss           0x0000000087800d8c        0x0 build/lib/bsp/src/bsp_clk.o
 .bss           0x0000000087800d8c        0x0 build/lib/bsp/src/bsp_delay.o
 .bss           0x0000000087800d8c        0x0 build/lib/bsp/src/bsp_exti.o
 .bss           0x0000000087800d8c        0x0 build/lib/bsp/src/bsp_gpio.o
 .bss           0x0000000087800d8c      0x504 build/lib/bsp/src/bsp_int.o
 .bss           0x0000000087801290        0x0 build/lib/bsp/src/bsp_key.o
 .bss           0x0000000087801290        0x0 build/lib/bsp/src/bsp_led.o
 .bss           0x0000000087801290        0x0 build/project/src/main.o
 *(COMMON)
                0x0000000087801290                __bss_end = .
LOAD build/project/src/start.o
LOAD build/lib/bsp/src/bsp_beep.o
LOAD build/lib/bsp/src/bsp_clk.o
LOAD build/lib/bsp/src/bsp_delay.o
LOAD build/lib/bsp/src/bsp_exti.o
LOAD build/lib/bsp/src/bsp_gpio.o
LOAD build/lib/bsp/src/bsp_int.o
LOAD build/lib/bsp/src/bsp_key.o
LOAD build/lib/bsp/src/bsp_led.o
LOAD build/project/src/main.o
OUTPUT(bin/bsp.elf elf32-littlearm)
LOAD linker stubs

.comment        0x0000000000000000       0x2b
 .comment       0x0000000000000000       0x2b build/lib/bsp/src/bsp_beep.o
                                         0x2c (size before relaxing)
 .comment       0x000000000000002b       0x2c build/lib/bsp/src/bsp_clk.o
 .comment       0x000000000000002b       0x2c build/lib/bsp/src/bsp_delay.o
 .comment       0x000000000000002b       0x2c build/lib/bsp/src/bsp_exti.o
 .comment       0x000000000000002b       0x2c build/lib/bsp/src/bsp_gpio.o
 .comment       0x000000000000002b       0x2c build/lib/bsp/src/bsp_int.o
 .comment       0x000000000000002b       0x2c build/lib/bsp/src/bsp_key.o
 .comment       0x000000000000002b       0x2c build/lib/bsp/src/bsp_led.o
 .comment       0x000000000000002b       0x2c build/project/src/main.o

.note.GNU-stack
                0x0000000000000000        0x0
 .note.GNU-stack
                0x0000000000000000        0x0 build/lib/bsp/src/bsp_beep.o
 .note.GNU-stack
                0x0000000000000000        0x0 build/lib/bsp/src/bsp_clk.o
 .note.GNU-stack
                0x0000000000000000        0x0 build/lib/bsp/src/bsp_delay.o
 .note.GNU-stack
                0x0000000000000000        0x0 build/lib/bsp/src/bsp_exti.o
 .note.GNU-stack
                0x0000000000000000        0x0 build/lib/bsp/src/bsp_gpio.o
 .note.GNU-stack
                0x0000000000000000        0x0 build/lib/bsp/src/bsp_int.o
 .note.GNU-stack
                0x0000000000000000        0x0 build/lib/bsp/src/bsp_key.o
 .note.GNU-stack
                0x0000000000000000        0x0 build/lib/bsp/src/bsp_led.o
 .note.GNU-stack
                0x0000000000000000        0x0 build/project/src/main.o

.ARM.attributes
                0x0000000000000000       0x2f
 .ARM.attributes
                0x0000000000000000       0x33 build/lib/bsp/src/bsp_beep.o
 .ARM.attributes
                0x0000000000000033       0x33 build/lib/bsp/src/bsp_clk.o
 .ARM.attributes
                0x0000000000000066       0x33 build/lib/bsp/src/bsp_delay.o
 .ARM.attributes
                0x0000000000000099       0x33 build/lib/bsp/src/bsp_exti.o
 .ARM.attributes
                0x00000000000000cc       0x33 build/lib/bsp/src/bsp_gpio.o
 .ARM.attributes
                0x00000000000000ff       0x33 build/lib/bsp/src/bsp_int.o
 .ARM.attributes
                0x0000000000000132       0x33 build/lib/bsp/src/bsp_key.o
 .ARM.attributes
                0x0000000000000165       0x33 build/lib/bsp/src/bsp_led.o
 .ARM.attributes
                0x0000000000000198       0x33 build/project/src/main.o
