
Memory Configuration

Name             Origin             Length             Attributes
*default*        0x0000000000000000 0xffffffffffffffff

Linker script and memory map

                0x0000000087800000                . = 0x87800000

.text           0x0000000087800000     0x1570
 build/project/src/start.o()
 .text          0x0000000087800000      0x154 build/project/src/start.o
                0x0000000087800000                _start
 .data          0x0000000087800154        0x0 build/project/src/start.o
 .bss           0x0000000087800154        0x0 build/project/src/start.o
 .ARM.attributes
                0x0000000087800154       0x1d build/project/src/start.o
 .iplt          0x0000000087800171        0x0 build/project/src/start.o
 .rel.iplt      0x0000000087800171        0x0 build/project/src/start.o
 .igot.plt      0x0000000087800171        0x0 build/project/src/start.o
 *(.text)
 *fill*         0x0000000087800171        0x1 
 .text          0x0000000087800172      0x12e build/lib/bsp/src/bsp_beep.o
                0x00000000878001d6                Beep_init
                0x0000000087800268                Beep_switch
 .text          0x00000000878002a0      0x248 build/lib/bsp/src/bsp_clk.o
                0x00000000878002a0                Clk_enable
                0x0000000087800312                Imx6ull_clkInit
 .text          0x00000000878004e8      0x106 build/lib/bsp/src/bsp_delay.o
                0x00000000878004e8                Delay_init
                0x0000000087800518                Delay_us
                0x0000000087800578                Delay_ms
                0x00000000878005ca                Delay_s
 *fill*         0x00000000878005ee        0x2 
 .text          0x00000000878005f0      0x194 build/lib/bsp/src/bsp_epit.o
                0x00000000878005f0                Epit_init
                0x0000000087800652                Epit_setPeriod
                0x000000008780066e                Epit_enableIrq
                0x000000008780068e                Epit_disableIrq
                0x00000000878006ae                Epit_getInterruptStatus
                0x00000000878006c6                Epit_clearInterruptStatus
                0x00000000878006e6                Epit_startCounter
                0x0000000087800706                Epit_stopCounter
                0x0000000087800726                epit_irqhandler
 .text          0x0000000087800784      0x184 build/lib/bsp/src/bsp_exti.o
                0x00000000878007e8                Exti_init
                0x000000008780089c                Gpio_io18_irqhandler
 .text          0x0000000087800908      0x274 build/lib/bsp/src/bsp_gpio.o
                0x0000000087800908                Gpio_init
                0x000000008780096a                Gpio_pinRead
                0x000000008780098e                Gpio_pinWrite
                0x00000000878009d4                Gpio_enableInterrupt
                0x00000000878009fe                Gpio_disableInterrupt
                0x0000000087800a2a                Gpio_clearInterruptFlahs
                0x0000000087800a54                Gpio_configInterrruptType
 .text          0x0000000087800b7c      0x1f6 build/lib/bsp/src/bsp_gpt.o
                0x0000000087800b7c                Gpt_init
                0x0000000087800bce                Gpt_reset
                0x0000000087800bfe                Gpt_setMode
                0x0000000087800c22                Gpt_setDiv
                0x0000000087800c44                Gpt_setCmp0
                0x0000000087800c60                Gpt_setCmp1
                0x0000000087800c7c                Gpt_seCmp2
                0x0000000087800c98                Gpt_enableIrq
                0x0000000087800cba                Gpt_disableIrq
                0x0000000087800cde                Gpt_getInterruptStatus
                0x0000000087800cf8                Gpt_clearInterruptStatus
                0x0000000087800d1a                Gpt_startCounter
                0x0000000087800d3a                Gpt_stopCounter
                0x0000000087800d5a                Gpt_readCounter
 *fill*         0x0000000087800d72        0x2 
 .text          0x0000000087800d74      0x1b0 build/lib/bsp/src/bsp_int.o
                0x0000000087800d74                default_irqhandler
                0x0000000087800d80                system_irqtable_init
                0x0000000087800de0                int_init
                0x0000000087800e78                system_register_irqHandler
                0x0000000087800eb4                system_irqhandler
 .text          0x0000000087800f24      0x174 build/lib/bsp/src/bsp_key.o
                0x0000000087800f88                Key_init
                0x0000000087800fee                Key_getValue
                0x0000000087801058                Key_read
 .text          0x0000000087801098      0x250 build/lib/bsp/src/bsp_keyfilter.o
                0x00000000878010fc                Key_initFilter
 .text          0x00000000878012e8      0x12a build/lib/bsp/src/bsp_led.o
                0x000000008780134c                Led_init
                0x00000000878013b2                Led_on
                0x00000000878013ca                Led_off
                0x00000000878013e2                Led_switch
 *fill*         0x0000000087801412        0x2 
 .text          0x0000000087801414      0x150 build/project/src/main.o
                0x0000000087801414                gpt1_irqhander
                0x000000008780147c                main
 *fill*         0x0000000087801564        0x4 
 .text.__stub   0x0000000087801568        0x8 linker stubs

.glue_7         0x0000000087801570        0x0
 .glue_7        0x0000000087801570        0x0 linker stubs

.glue_7t        0x0000000087801570        0x0
 .glue_7t       0x0000000087801570        0x0 linker stubs

.vfp11_veneer   0x0000000087801570        0x0
 .vfp11_veneer  0x0000000087801570        0x0 linker stubs

.v4_bx          0x0000000087801570        0x0
 .v4_bx         0x0000000087801570        0x0 linker stubs

.rodata
 *(.rodata*)

.data           0x0000000087801570        0x2
 *(.data)
 .data          0x0000000087801570        0x0 build/lib/bsp/src/bsp_beep.o
 .data          0x0000000087801570        0x0 build/lib/bsp/src/bsp_clk.o
 .data          0x0000000087801570        0x0 build/lib/bsp/src/bsp_delay.o
 .data          0x0000000087801570        0x0 build/lib/bsp/src/bsp_epit.o
 .data          0x0000000087801570        0x1 build/lib/bsp/src/bsp_exti.o
 .data          0x0000000087801571        0x0 build/lib/bsp/src/bsp_gpio.o
 .data          0x0000000087801571        0x0 build/lib/bsp/src/bsp_gpt.o
 .data          0x0000000087801571        0x0 build/lib/bsp/src/bsp_int.o
 .data          0x0000000087801571        0x1 build/lib/bsp/src/bsp_key.o
 .data          0x0000000087801572        0x0 build/lib/bsp/src/bsp_keyfilter.o
 .data          0x0000000087801572        0x0 build/lib/bsp/src/bsp_led.o
 .data          0x0000000087801572        0x0 build/project/src/main.o
                0x0000000087801572                __bss_start = .

.bss            0x0000000087801574      0x50d
 *(.bss)
 .bss           0x0000000087801574        0x0 build/lib/bsp/src/bsp_beep.o
 .bss           0x0000000087801574        0x0 build/lib/bsp/src/bsp_clk.o
 .bss           0x0000000087801574        0x0 build/lib/bsp/src/bsp_delay.o
 .bss           0x0000000087801574        0x1 build/lib/bsp/src/bsp_epit.o
 .bss           0x0000000087801575        0x0 build/lib/bsp/src/bsp_exti.o
 .bss           0x0000000087801575        0x0 build/lib/bsp/src/bsp_gpio.o
 .bss           0x0000000087801575        0x0 build/lib/bsp/src/bsp_gpt.o
 *fill*         0x0000000087801575        0x3 
 .bss           0x0000000087801578      0x504 build/lib/bsp/src/bsp_int.o
 .bss           0x0000000087801a7c        0x0 build/lib/bsp/src/bsp_key.o
 .bss           0x0000000087801a7c        0x3 build/lib/bsp/src/bsp_keyfilter.o
 .bss           0x0000000087801a7f        0x0 build/lib/bsp/src/bsp_led.o
 .bss           0x0000000087801a7f        0x2 build/project/src/main.o
 *(COMMON)
                0x0000000087801a81                __bss_end = .
LOAD build/project/src/start.o
LOAD build/lib/bsp/src/bsp_beep.o
LOAD build/lib/bsp/src/bsp_clk.o
LOAD build/lib/bsp/src/bsp_delay.o
LOAD build/lib/bsp/src/bsp_epit.o
LOAD build/lib/bsp/src/bsp_exti.o
LOAD build/lib/bsp/src/bsp_gpio.o
LOAD build/lib/bsp/src/bsp_gpt.o
LOAD build/lib/bsp/src/bsp_int.o
LOAD build/lib/bsp/src/bsp_key.o
LOAD build/lib/bsp/src/bsp_keyfilter.o
LOAD build/lib/bsp/src/bsp_led.o
LOAD build/project/src/main.o
OUTPUT(bin/bsp.elf elf32-littlearm)
LOAD linker stubs

.comment        0x0000000000000000       0x2b
 .comment       0x0000000000000000       0x2b build/lib/bsp/src/bsp_beep.o
                                         0x2c (size before relaxing)
 .comment       0x000000000000002b       0x2c build/lib/bsp/src/bsp_clk.o
 .comment       0x000000000000002b       0x2c build/lib/bsp/src/bsp_delay.o
 .comment       0x000000000000002b       0x2c build/lib/bsp/src/bsp_epit.o
 .comment       0x000000000000002b       0x2c build/lib/bsp/src/bsp_exti.o
 .comment       0x000000000000002b       0x2c build/lib/bsp/src/bsp_gpio.o
 .comment       0x000000000000002b       0x2c build/lib/bsp/src/bsp_gpt.o
 .comment       0x000000000000002b       0x2c build/lib/bsp/src/bsp_int.o
 .comment       0x000000000000002b       0x2c build/lib/bsp/src/bsp_key.o
 .comment       0x000000000000002b       0x2c build/lib/bsp/src/bsp_keyfilter.o
 .comment       0x000000000000002b       0x2c build/lib/bsp/src/bsp_led.o
 .comment       0x000000000000002b       0x2c build/project/src/main.o

.note.GNU-stack
                0x0000000000000000        0x0
 .note.GNU-stack
                0x0000000000000000        0x0 build/lib/bsp/src/bsp_beep.o
 .note.GNU-stack
                0x0000000000000000        0x0 build/lib/bsp/src/bsp_clk.o
 .note.GNU-stack
                0x0000000000000000        0x0 build/lib/bsp/src/bsp_delay.o
 .note.GNU-stack
                0x0000000000000000        0x0 build/lib/bsp/src/bsp_epit.o
 .note.GNU-stack
                0x0000000000000000        0x0 build/lib/bsp/src/bsp_exti.o
 .note.GNU-stack
                0x0000000000000000        0x0 build/lib/bsp/src/bsp_gpio.o
 .note.GNU-stack
                0x0000000000000000        0x0 build/lib/bsp/src/bsp_gpt.o
 .note.GNU-stack
                0x0000000000000000        0x0 build/lib/bsp/src/bsp_int.o
 .note.GNU-stack
                0x0000000000000000        0x0 build/lib/bsp/src/bsp_key.o
 .note.GNU-stack
                0x0000000000000000        0x0 build/lib/bsp/src/bsp_keyfilter.o
 .note.GNU-stack
                0x0000000000000000        0x0 build/lib/bsp/src/bsp_led.o
 .note.GNU-stack
                0x0000000000000000        0x0 build/project/src/main.o

.ARM.attributes
                0x0000000000000000       0x2f
 .ARM.attributes
                0x0000000000000000       0x33 build/lib/bsp/src/bsp_beep.o
 .ARM.attributes
                0x0000000000000033       0x33 build/lib/bsp/src/bsp_clk.o
 .ARM.attributes
                0x0000000000000066       0x33 build/lib/bsp/src/bsp_delay.o
 .ARM.attributes
                0x0000000000000099       0x33 build/lib/bsp/src/bsp_epit.o
 .ARM.attributes
                0x00000000000000cc       0x33 build/lib/bsp/src/bsp_exti.o
 .ARM.attributes
                0x00000000000000ff       0x33 build/lib/bsp/src/bsp_gpio.o
 .ARM.attributes
                0x0000000000000132       0x33 build/lib/bsp/src/bsp_gpt.o
 .ARM.attributes
                0x0000000000000165       0x33 build/lib/bsp/src/bsp_int.o
 .ARM.attributes
                0x0000000000000198       0x33 build/lib/bsp/src/bsp_key.o
 .ARM.attributes
                0x00000000000001cb       0x33 build/lib/bsp/src/bsp_keyfilter.o
 .ARM.attributes
                0x00000000000001fe       0x33 build/lib/bsp/src/bsp_led.o
 .ARM.attributes
                0x0000000000000231       0x33 build/project/src/main.o
